Configuration file: /Volumes/DATA/Jekyll/OptikalBahari/_config.yml
            Source: /Volumes/DATA/Jekyll/OptikalBahari
       Destination: /Volumes/DATA/Jekyll/OptikalBahari/_site
 Incremental build: disabled. Enable with --incremental
      Generating... 
       Jekyll Feed: Generating feed for posts
         AutoPages: Disabled/Not configured in site.config.
        Pagination: Complete, processed 1 pagination page(s)
bundler: failed to load command: jekyll (/Users/gerryleonugroho/.rbenv/versions/3.4.2/bin/jekyll)
/Users/gerryleonugroho/.rbenv/versions/3.4.2/lib/ruby/gems/3.4.0/gems/jekyll-purgecss-0.2.0/lib/jekyll/hooks/purgecss.rb:5:in 'block in <top (required)>': PurgecssNotFoundError (PurgecssNotFoundError)
	from /Users/gerryleonugroho/.rbenv/versions/3.4.2/lib/ruby/gems/3.4.0/gems/jekyll-4.4.1/lib/jekyll/hooks.rb:103:in 'block in Jekyll::Hooks.trigger'
	from /Users/gerryleonugroho/.rbenv/versions/3.4.2/lib/ruby/gems/3.4.0/gems/jekyll-4.4.1/lib/jekyll/hooks.rb:102:in 'Array#each'
	from /Users/gerryleonugroho/.rbenv/versions/3.4.2/lib/ruby/gems/3.4.0/gems/jekyll-4.4.1/lib/jekyll/hooks.rb:102:in 'Jekyll::Hooks.trigger'
	from /Users/gerryleonugroho/.rbenv/versions/3.4.2/lib/ruby/gems/3.4.0/gems/jekyll-4.4.1/lib/jekyll/site.rb:234:in 'Jekyll::Site#write'
	from /Users/gerryleonugroho/.rbenv/versions/3.4.2/lib/ruby/gems/3.4.0/gems/jekyll-4.4.1/lib/jekyll/site.rb:82:in 'Jekyll::Site#process'
	from /Users/gerryleonugroho/.rbenv/versions/3.4.2/lib/ruby/gems/3.4.0/gems/jekyll-4.4.1/lib/jekyll/command.rb:28:in 'Jekyll::Command.process_site'
	from /Users/gerryleonugroho/.rbenv/versions/3.4.2/lib/ruby/gems/3.4.0/gems/jekyll-4.4.1/lib/jekyll/commands/build.rb:65:in 'Jekyll::Commands::Build.build'
	from /Users/gerryleonugroho/.rbenv/versions/3.4.2/lib/ruby/gems/3.4.0/gems/jekyll-4.4.1/lib/jekyll/commands/build.rb:36:in 'Jekyll::Commands::Build.process'
	from /Users/gerryleonugroho/.rbenv/versions/3.4.2/lib/ruby/gems/3.4.0/gems/jekyll-4.4.1/lib/jekyll/command.rb:91:in 'block in Jekyll::Command.process_with_graceful_fail'
	from /Users/gerryleonugroho/.rbenv/versions/3.4.2/lib/ruby/gems/3.4.0/gems/jekyll-4.4.1/lib/jekyll/command.rb:91:in 'Array#each'
	from /Users/gerryleonugroho/.rbenv/versions/3.4.2/lib/ruby/gems/3.4.0/gems/jekyll-4.4.1/lib/jekyll/command.rb:91:in 'Jekyll::Command.process_with_graceful_fail'
	from /Users/gerryleonugroho/.rbenv/versions/3.4.2/lib/ruby/gems/3.4.0/gems/jekyll-4.4.1/lib/jekyll/commands/build.rb:18:in 'block (2 levels) in Jekyll::Commands::Build.init_with_program'
	from /Users/gerryleonugroho/.rbenv/versions/3.4.2/lib/ruby/gems/3.4.0/gems/mercenary-0.4.0/lib/mercenary/command.rb:221:in 'block in Mercenary::Command#execute'
	from /Users/gerryleonugroho/.rbenv/versions/3.4.2/lib/ruby/gems/3.4.0/gems/mercenary-0.4.0/lib/mercenary/command.rb:221:in 'Array#each'
	from /Users/gerryleonugroho/.rbenv/versions/3.4.2/lib/ruby/gems/3.4.0/gems/mercenary-0.4.0/lib/mercenary/command.rb:221:in 'Mercenary::Command#execute'
	from /Users/gerryleonugroho/.rbenv/versions/3.4.2/lib/ruby/gems/3.4.0/gems/mercenary-0.4.0/lib/mercenary/program.rb:44:in 'Mercenary::Program#go'
	from /Users/gerryleonugroho/.rbenv/versions/3.4.2/lib/ruby/gems/3.4.0/gems/mercenary-0.4.0/lib/mercenary.rb:21:in 'Mercenary.program'
	from /Users/gerryleonugroho/.rbenv/versions/3.4.2/lib/ruby/gems/3.4.0/gems/jekyll-4.4.1/exe/jekyll:15:in '<top (required)>'
	from /Users/gerryleonugroho/.rbenv/versions/3.4.2/bin/jekyll:25:in 'Kernel#load'
	from /Users/gerryleonugroho/.rbenv/versions/3.4.2/bin/jekyll:25:in '<top (required)>'
	from /Users/gerryleonugroho/.rbenv/versions/3.4.2/lib/ruby/gems/3.4.0/gems/bundler-2.6.5/lib/bundler/cli/exec.rb:59:in 'Kernel.load'
	from /Users/gerryleonugroho/.rbenv/versions/3.4.2/lib/ruby/gems/3.4.0/gems/bundler-2.6.5/lib/bundler/cli/exec.rb:59:in 'Bundler::CLI::Exec#kernel_load'
	from /Users/gerryleonugroho/.rbenv/versions/3.4.2/lib/ruby/gems/3.4.0/gems/bundler-2.6.5/lib/bundler/cli/exec.rb:23:in 'Bundler::CLI::Exec#run'
	from /Users/gerryleonugroho/.rbenv/versions/3.4.2/lib/ruby/gems/3.4.0/gems/bundler-2.6.5/lib/bundler/cli.rb:452:in 'Bundler::CLI#exec'
	from /Users/gerryleonugroho/.rbenv/versions/3.4.2/lib/ruby/gems/3.4.0/gems/bundler-2.6.5/lib/bundler/vendor/thor/lib/thor/command.rb:28:in 'Bundler::Thor::Command#run'
	from /Users/gerryleonugroho/.rbenv/versions/3.4.2/lib/ruby/gems/3.4.0/gems/bundler-2.6.5/lib/bundler/vendor/thor/lib/thor/invocation.rb:127:in 'Bundler::Thor::Invocation#invoke_command'
	from /Users/gerryleonugroho/.rbenv/versions/3.4.2/lib/ruby/gems/3.4.0/gems/bundler-2.6.5/lib/bundler/vendor/thor/lib/thor.rb:538:in 'Bundler::Thor.dispatch'
	from /Users/gerryleonugroho/.rbenv/versions/3.4.2/lib/ruby/gems/3.4.0/gems/bundler-2.6.5/lib/bundler/cli.rb:35:in 'Bundler::CLI.dispatch'
	from /Users/gerryleonugroho/.rbenv/versions/3.4.2/lib/ruby/gems/3.4.0/gems/bundler-2.6.5/lib/bundler/vendor/thor/lib/thor/base.rb:584:in 'Bundler::Thor::Base::ClassMethods#start'
	from /Users/gerryleonugroho/.rbenv/versions/3.4.2/lib/ruby/gems/3.4.0/gems/bundler-2.6.5/lib/bundler/cli.rb:29:in 'Bundler::CLI.start'
	from /Users/gerryleonugroho/.rbenv/versions/3.4.2/lib/ruby/gems/3.4.0/gems/bundler-2.6.5/exe/bundle:28:in 'block in <top (required)>'
	from /Users/gerryleonugroho/.rbenv/versions/3.4.2/lib/ruby/gems/3.4.0/gems/bundler-2.6.5/lib/bundler/friendly_errors.rb:117:in 'Bundler.with_friendly_errors'
	from /Users/gerryleonugroho/.rbenv/versions/3.4.2/lib/ruby/gems/3.4.0/gems/bundler-2.6.5/exe/bundle:20:in '<top (required)>'
	from /Users/gerryleonugroho/.rbenv/versions/3.4.2/bin/bundle:25:in 'Kernel#load'
	from /Users/gerryleonugroho/.rbenv/versions/3.4.2/bin/bundle:25:in '<main>'
